
Memory Configuration

Name             Origin             Length             Attributes
FLASH            0x08000000         0x00080000         xr
SRAM             0x20000000         0x00020000         xrw
*default*        0x00000000         0xffffffff

Linker script and memory map

LOAD main.o
LOAD led.o
LOAD systemClock.o
LOAD stm32_startup.o

.text           0x08000000      0x3e4
 *(.isr_vector)
 .isr_vector    0x08000000      0x1c4 stm32_startup.o
                0x08000000                vectors
 *(.text)
 .text          0x080001c4       0x38 main.o
                0x080001c4                main
 .text          0x080001fc       0xa0 led.o
                0x080001fc                led_init
                0x08000240                led_on
                0x0800026c                led_off
 .text          0x0800029c       0xbc systemClock.o
                0x0800029c                sysClockConfig
 .text          0x08000358       0x8c stm32_startup.o
                0x08000358                RTC_Alarm_IRQHandler
                0x08000358                EXTI2_IRQHandler
                0x08000358                TIM8_CC_IRQHandler
                0x08000358                DebugMon_Handler
                0x08000358                SPI4_IRQHandler
                0x08000358                TIM1_CC_IRQHandler
                0x08000358                QuadSPI_IRQHandler
                0x08000358                DMA2_Stream5_IRQHandler
                0x08000358                HardFault_Handler
                0x08000358                DMA1_Stream5_IRQHandler
                0x08000358                SysTick_Handler
                0x08000358                PVD_IRQHandler
                0x08000358                SDIO_IRQHandler
                0x08000358                TAMP_STAMP_IRQHandler
                0x08000358                PendSV_Handler
                0x08000358                NMI_Handler
                0x08000358                CAN2_RX1_IRQHandler
                0x08000358                EXTI3_IRQHandler
                0x08000358                TIM8_TRG_COM_TIM14_IRQHandler
                0x08000358                TIM1_UP_TIM10_IRQHandler
                0x08000358                FMPI2C1_error_IRQHandler
                0x08000358                TIM8_UP_TIM13_IRQHandler
                0x08000358                I2C3_ER_IRQHandler
                0x08000358                EXTI0_IRQHandler
                0x08000358                I2C2_EV_IRQHandler
                0x08000358                DMA1_Stream2_IRQHandler
                0x08000358                CAN1_RX0_IRQHandler
                0x08000358                FPU_IRQHandler
                0x08000358                OTG_HS_WKUP_IRQHandler
                0x08000358                UsageFault_Handler
                0x08000358                CAN2_SCE_IRQHandler
                0x08000358                DMA2_Stream2_IRQHandler
                0x08000358                SPI1_IRQHandler
                0x08000358                TIM6_DAC_IRQHandler
                0x08000358                TIM1_BRK_TIM9_IRQHandler
                0x08000358                DCMI_IRQHandler
                0x08000358                CAN2_RX0_IRQHandler
                0x08000358                DMA2_Stream3_IRQHandler
                0x08000358                FMPI2C1_IRQHandler
                0x08000358                SAI2_IRQHandler
                0x08000358                USART6_IRQHandler
                0x08000358                USART3_IRQHandler
                0x08000358                SAI1_IRQHandler
                0x08000358                CAN1_RX1_IRQHandler
                0x08000358                UART5_IRQHandler
                0x08000358                DMA2_Stream0_IRQHandler
                0x08000358                TIM4_IRQHandler
                0x08000358                I2C1_EV_IRQHandler
                0x08000358                HDMI_CEC_IRQHandler
                0x08000358                DMA1_Stream6_IRQHandler
                0x08000358                DMA1_Stream1_IRQHandler
                0x08000358                UART4_IRQHandler
                0x08000358                TIM3_IRQHandler
                0x08000358                RCC_IRQHandler
                0x08000358                TIM8_BRK_TIM12_IRQHandler
                0x08000358                Default_Handler
                0x08000358                EXTI15_10_IRQHandler
                0x08000358                ADC_IRQHandler
                0x08000358                DMA1_Stream7_IRQHandler
                0x08000358                TIM7_IRQHandler
                0x08000358                CAN2_TX_IRQHandler
                0x08000358                TIM5_IRQHandler
                0x08000358                DMA2_Stream7_IRQHandler
                0x08000358                I2C3_EV_IRQHandler
                0x08000358                EXTI9_5_IRQHandler
                0x08000358                RTC_WKUP_IRQHandler
                0x08000358                SPDIF_RX_IRQHandler
                0x08000358                SPI2_IRQHandler
                0x08000358                OTG_HS_EP1_IN_IRQHandler
                0x08000358                MemManage_Handler
                0x08000358                DMA1_Stream0_IRQHandler
                0x08000358                CAN1_TX_IRQHandler
                0x08000358                SVC_Handler
                0x08000358                EXTI4_IRQHandler
                0x08000358                OTG_HS_EP1_OUT_IRQHandler
                0x08000358                WWDG_IRQHandler
                0x08000358                TIM2_IRQHandler
                0x08000358                OTG_FS_WKUP_IRQHandler
                0x08000358                TIM1_TRG_COM_TIM11_IRQHandler
                0x08000358                OTG_HS_IRQHandler
                0x08000358                EXTI1_IRQHandler
                0x08000358                USART2_IRQHandler
                0x08000358                I2C2_ER_IRQHandler
                0x08000358                DMA2_Stream1_IRQHandler
                0x08000358                CAN1_SCE_IRQHandler
                0x08000358                FLASH_IRQHandler
                0x08000358                DMA2_Stream4_IRQHandler
                0x08000358                BusFault_Handler
                0x08000358                USART1_IRQHandler
                0x08000358                OTG_FS_IRQHandler
                0x08000358                SPI3_IRQHandler
                0x08000358                DMA1_Stream4_IRQHandler
                0x08000358                I2C1_ER_IRQHandler
                0x08000358                FMC_IRQHandler
                0x08000358                DMA2_Stream6_IRQHandler
                0x08000358                DMA1_Stream3_IRQHandler
                0x0800035e                Reset_Handler
 *(.text.*)
 *(.init)
 *(.fini)
 *(.rodata)
 *(.rodata.*)
                0x080003e4                . = ALIGN (0x4)
                0x080003e4                _etext = .
                0x080003e4                _la_data = LOADADDR (.data)

.glue_7         0x080003e4        0x0
 .glue_7        0x080003e4        0x0 linker stubs

.glue_7t        0x080003e4        0x0
 .glue_7t       0x080003e4        0x0 linker stubs

.vfp11_veneer   0x080003e4        0x0
 .vfp11_veneer  0x080003e4        0x0 linker stubs

.v4_bx          0x080003e4        0x0
 .v4_bx         0x080003e4        0x0 linker stubs

.iplt           0x080003e4        0x0
 .iplt          0x080003e4        0x0 main.o

.rel.dyn        0x080003e4        0x0
 .rel.iplt      0x080003e4        0x0 main.o

.data           0x20000000        0x0 load address 0x080003e4
                0x20000000                _sdata = .
 *(.data)
 .data          0x20000000        0x0 main.o
 .data          0x20000000        0x0 led.o
 .data          0x20000000        0x0 systemClock.o
 .data          0x20000000        0x0 stm32_startup.o
 *(.data.*)
                0x20000000                . = ALIGN (0x4)
                0x20000000                _edata = .

.igot.plt       0x20000000        0x0 load address 0x080003e4
 .igot.plt      0x20000000        0x0 main.o

.bss            0x20000000        0x0 load address 0x080003e4
                0x20000000                _sbss = .
                0x20000000                __bss_start__ = _sbss
 *(.bss)
 .bss           0x20000000        0x0 main.o
 .bss           0x20000000        0x0 led.o
 .bss           0x20000000        0x0 systemClock.o
 .bss           0x20000000        0x0 stm32_startup.o
 *(.bss.*)
 *(COMMON)
                0x20000000                . = ALIGN (0x4)
                0x20000000                _ebss = .
                0x20000000                __bss_end__ = _ebss
                0x20000000                . = ALIGN (0x4)
                0x20000000                end = .
                0x20000000                __end__ = .
OUTPUT(final.elf elf32-littlearm)
LOAD linker stubs

.comment        0x00000000       0x49
 .comment       0x00000000       0x49 main.o
                                 0x4a (size before relaxing)
 .comment       0x00000049       0x4a led.o
 .comment       0x00000049       0x4a systemClock.o
 .comment       0x00000049       0x4a stm32_startup.o

.ARM.attributes
                0x00000000       0x2e
 .ARM.attributes
                0x00000000       0x2e main.o
 .ARM.attributes
                0x0000002e       0x2e led.o
 .ARM.attributes
                0x0000005c       0x2e systemClock.o
 .ARM.attributes
                0x0000008a       0x2e stm32_startup.o
